
> muvisa@0.1.0 build
> next build

  Ôû▓ Next.js 14.2.35
  - Environments: .env.local

   Creating an optimized production build ...
 Ô£ô Compiled successfully
   Linting and checking validity of types ...
node.exe : 
At line:1 char:1
+ & "C:\Program 
Files\nodejs/node.exe" 
"C:\Program 
Files\nodejs/node_mo ...
+ ~~~~~~~~~~~~~~~~~~~~~~~~~~~
~~~~~~~~~~~~~~~~~~~~~~~~~~~~~
~~~~~~~~~~~~~
    + CategoryInfo           
   : NotSpecified: (:String  
  ) [], RemoteException
    + FullyQualifiedErrorId  
   : NativeCommandError
 
Failed to compile.

./src/components/admin/paymen
ts/PaymentsStats.tsx
10:9  Error: 'totalPagos' is 
assigned a value but never 
used.  @typescript-eslint/no-
unused-vars

./src/components/admin/paymen
ts/PaymentsTable.tsx
4:23  Error: 'Filter' is 
defined but never used.  @typ
escript-eslint/no-unused-vars

./src/components/admin/plans/
PlansGrid.tsx
1:51  Error: 'PowerOff' is 
defined but never used.  @typ
escript-eslint/no-unused-vars

info  - Need to disable some 
ESLint rules? Learn more 
here: https://nextjs.org/docs
/basic-features/eslint#disabl
ing-rules
